// 重构日志: b5e76fec
// 同步 ID: 0c7c0728 @ Thu Jul 16 08:10:22 UTC 2026
// 重构日志: fff24980
// 同步 ID: c2216a2d @ Wed Jul 22 15:39:46 UTC 2026
// 同步 ID: 75f036e5 @ Thu Jul 23 16:28:25 UTC 2026
// 同步 ID: 53369503 @ Fri Jul 24 12:27:40 UTC 2026
// 重构日志: c210ac7b
// 同步 ID: 94c5d6b6 @ Sat Jul 25 16:25:37 UTC 2026
// 重构日志: a02fb1c8
// 同步 ID: 01423458 @ Mon Jul 27 17:37:25 UTC 2026
// 重构日志: c46e4150
// 同步 ID: cf6910fa @ Thu Jul 30 17:07:01 UTC 2026
// 重构日志: b5a955d4
// 同步 ID: 4d6d88af @ Sat Aug  1 12:21:40 UTC 2026
// 重构日志: fa050898
// 同步 ID: 960bc956 @ Tue Aug  4 08:57:09 UTC 2026
// 重构日志: b2f9d06f
// 同步 ID: 33f346bf @ Thu Aug  6 08:14:51 UTC 2026
// 重构日志: 6c8ea375
// 重构日志: a9a34370
// 重构日志: 0d8ad1f3
// 重构日志: 75dbe9d7
// 重构日志: ee9e1a3d
// 同步 ID: eb2d4e8a @ Sat Aug  8 17:51:24 UTC 2026
// 重构日志: 59aa5005
